C51 COMPILER V9.56.0.0   COMMON                                                            12/10/2018 19:39:23 PAGE 1   


C51 COMPILER V9.56.0.0, COMPILATION OF MODULE COMMON
OBJECT MODULE PLACED IN .\Objects\common.obj
COMPILER INVOKED BY: D:\Keil_v5\C51\BIN\C51.EXE ..\src\common.c OPTIMIZE(8,SPEED) INCDIR(..\inc;..\..\ThunderLib) DEBUG 
                    -OBJECTEXTEND PRINT(.\Listings\common.lst) OBJECT(.\Objects\common.obj)

line level    source

   1          #include "common.h"
   2          #include "intrins.h"
   3          
   4          void Delay1us()         //@24.000MHz
   5          {
   6   1              unsigned char i;
   7   1      
   8   1              i = 6;
   9   1              while (--i);
  10   1      }
  11          
  12          void Delay1ms()         //@24.000MHz
  13          {
  14   1              unsigned char i, j;
  15   1      
  16   1              _nop_();
  17   1              i = 32;
  18   1              j = 40;
  19   1              do
  20   1              {
  21   2                      while (--j);
  22   2              } while (--i);
  23   1      }
  24          
  25          
  26          void delayus(unsigned int us)
  27          {
  28   1      
  29   1              while(us--)
  30   1              {
  31   2                      Delay1us();
  32   2              }
  33   1      
  34   1      
  35   1      }
  36          
  37          void delay(unsigned int ms)
  38          {
  39   1              while(ms--)
  40   1              {
  41   2                      Delay1ms();
  42   2              }
  43   1      
  44   1      }


MODULE INFORMATION:   STATIC OVERLAYABLE
   CODE SIZE        =     55    ----
   CONSTANT SIZE    =   ----    ----
   XDATA SIZE       =   ----    ----
   PDATA SIZE       =   ----    ----
   DATA SIZE        =   ----    ----
   IDATA SIZE       =   ----    ----
   BIT SIZE         =   ----    ----
C51 COMPILER V9.56.0.0   COMMON                                                            12/10/2018 19:39:23 PAGE 2   

END OF MODULE INFORMATION.


C51 COMPILATION COMPLETE.  0 WARNING(S),  0 ERROR(S)
